ARM COMPILER V2.53,  main                                                                  26/11/08  17:51:15  PAGE 1   


ARM COMPILER V2.53, COMPILATION OF MODULE main
OBJECT MODULE PLACED IN main.OBJ
COMPILER INVOKED BY: C:\Keil\ARM\BIN\CA.exe main.c THUMB BROWSE DEBUG TABS(4) 

stmt  level    source

    1          /*-----------------------ADI AD9959 Driver Reference Design Source Code----------------------------------
             --
    2          
    3          Author:         ADI CAST (China Application Support Team)
    4          Date:           2008-11-26
    5          Rev:            1.0
    6          Description:    Realize AD9959 Driver£¬Use ADuC7026 as MCU£¬Development Tool: KEIL C
    7          
    8          ---------------------------------------------------------------------------------------------------------
             -*/
    9          #include <ADuC7026.h>
   10          #include <Common.h>
   11          
   12          unsigned char RegisterData[4] = {0,0,0,0};
   13          
   14          int putchar(unsigned long ch)  {                   /* Write character to Serial Port  */
   15   1      
   16   1          while(!(0x020==(COMSTA0 & 0x020)))
   17   1          {}
   18   1       
   19   1          return (COMTX = ch);    //COMTX is an 8-bit transmit register.
   20   1      }
   21          
   22          void main(void)
   23          {
   24   1          ADuC7026_Initiate();        //ADuC7026 Initialization
   25   1      
   26   1          RegisterData[0] = 0x10;     //Channel 0 enable
   27   1          WriteToAD9959ViaSpi(0x00,1,RegisterData);
   28   1      
   29   1          RegisterData[2] = 0xAB;     //REF CLK = 50MHz, Multiplication factor = 10
   30   1          RegisterData[1] = 0x00;
   31   1          RegisterData[0] = 0x00;
   32   1          WriteToAD9959ViaSpi(0x01,3,RegisterData);//VCO gain control = 1, system clock = 500MHz
   33   1      
   34   1          RegisterData[3] = 0x05;
   35   1          RegisterData[2] = 0x1E;
   36   1          RegisterData[1] = 0xB8;
   37   1          RegisterData[0] = 0x51;
   38   1          WriteToAD9959ViaSpi(0x04,4,RegisterData);//Output frequency = 10MHz 
   39   1      
   40   1          IO_Update();
   41   1      
   42   1          ReadFromAD9959ViaSpi(0x80,1,RegisterData);
   43   1          putchar(RegisterData[0]);
   44   1          ReadFromAD9959ViaSpi(0x81,3,RegisterData);
   45   1          putchar(RegisterData[2]);
   46   1          putchar(RegisterData[1]);
   47   1          putchar(RegisterData[0]);
   48   1          while(1)
   49   1          {;}
   50   1      }
ARM COMPILER V2.53,  main                                                                  26/11/08  17:51:15  PAGE 2   

ASSEMBLY LISTING OF GENERATED OBJECT CODE



*** EXTERNALS:
 EXTERN CODE16 (ADuC7026_Initiate?T)
 EXTERN CODE16 (IO_Update?T)
 EXTERN CODE16 (WriteToAD9959ViaSpi?T)
 EXTERN CODE16 (ReadFromAD9959ViaSpi?T)
 EXTERN NUMBER (__startup)



*** PUBLICS:
 PUBLIC         main
 PUBLIC         putchar?T
 PUBLIC         RegisterData



*** DATA SEGMENT '?DT0?main':
 00000000          RegisterData:
 00000000           BEGIN_INIT
 00000000  00        DB          0x0
 00000001  00        DB          0x0
 00000002  00        DB          0x0
 00000003  00        DB          0x0
 00000004           END_INIT



*** CODE SEGMENT '?PR?putchar?T?main':
   14: int putchar(unsigned long ch)  {                   /* Write character to Serial Port  */
 00000000  1C02      MOV         R2,R0 ; ch
 00000002  ---- Variable 'ch' assigned to Register 'R2' ----
   17:     {}
 00000002          L_1:
 00000002  4800      LDR         R0,=0xFFFF0714
 00000004  6800      LDR         R0,[R0,#0x0]
 00000006  2120      MOV         R1,#0x20
 00000008  4208      TST         R0,R1
 0000000A  D0FA      BEQ         L_1  ; T=0x00000002
   19:      return (COMTX = ch);   //COMTX is an 8-bit transmit register.
 0000000C  1C10      MOV         R0,R2 ; ch
 0000000E  4800      LDR         R1,=0xFFFF0700
 00000010  6008      STR         R0,[R1,#0x0]
   20: }
 00000012  4770      BX          R14
 00000014          ENDP ; 'putchar?T'


*** CODE SEGMENT '?PR?main?main':
   22: void main(void)
 00000000  B500      PUSH        {LR}
   24:     ADuC7026_Initiate();        //ADuC7026 Initialization
 00000002  F7FF      BL          ADuC7026_Initiate?T  ; T=0x0001  (1)
 00000004  FFFD      BL          ADuC7026_Initiate?T  ; T=0x0001  (2)
   26:     RegisterData[0] = 0x10;     //Channel 0 enable
 00000006  2110      MOV         R1,#0x10
 00000008  4800      LDR         R0,=RegisterData ; RegisterData
 0000000A  7001      STRB        R1,[R0,#0x0] ; RegisterData
   27:     WriteToAD9959ViaSpi(0x00,1,RegisterData);
 0000000C  4800      LDR         R2,=RegisterData ; RegisterData
 0000000E  2000      MOV         R0,#0x0
 00000010  2101      MOV         R1,#0x1
 00000012  F7FF      BL          WriteToAD9959ViaSpi?T  ; T=0x0001  (1)
 00000014  FFF5      BL          WriteToAD9959ViaSpi?T  ; T=0x0001  (2)
   29:     RegisterData[2] = 0xAB;     //REF CLK = 50MHz, Multiplication factor = 10
 00000016  21AB      MOV         R1,#0xAB
 00000018  4800      LDR         R0,=RegisterData + 0x2 ; RegisterData+2
 0000001A  7001      STRB        R1,[R0,#0x0] ; RegisterData+2
   30:     RegisterData[1] = 0x00;
 0000001C  2100      MOV         R1,#0x0
 0000001E  4800      LDR         R0,=RegisterData + 0x1 ; RegisterData+1
 00000020  7001      STRB        R1,[R0,#0x0] ; RegisterData+1
ARM COMPILER V2.53,  main                                                                  26/11/08  17:51:15  PAGE 3   

   31:     RegisterData[0] = 0x00;
 00000022  2100      MOV         R1,#0x0
 00000024  4800      LDR         R0,=RegisterData ; RegisterData
 00000026  7001      STRB        R1,[R0,#0x0] ; RegisterData
   32:     WriteToAD9959ViaSpi(0x01,3,RegisterData);//VCO gain control = 1, system clock = 500MHz
 00000028  4800      LDR         R2,=RegisterData ; RegisterData
 0000002A  2001      MOV         R0,#0x1
 0000002C  2103      MOV         R1,#0x3
 0000002E  F7FF      BL          WriteToAD9959ViaSpi?T  ; T=0x0001  (1)
 00000030  FFE7      BL          WriteToAD9959ViaSpi?T  ; T=0x0001  (2)
   34:     RegisterData[3] = 0x05;
 00000032  2105      MOV         R1,#0x5
 00000034  4800      LDR         R0,=RegisterData + 0x3 ; RegisterData+3
 00000036  7001      STRB        R1,[R0,#0x0] ; RegisterData+3
   35:     RegisterData[2] = 0x1E;
 00000038  211E      MOV         R1,#0x1E
 0000003A  4800      LDR         R0,=RegisterData + 0x2 ; RegisterData+2
 0000003C  7001      STRB        R1,[R0,#0x0] ; RegisterData+2
   36:     RegisterData[1] = 0xB8;
 0000003E  21B8      MOV         R1,#0xB8
 00000040  4800      LDR         R0,=RegisterData + 0x1 ; RegisterData+1
 00000042  7001      STRB        R1,[R0,#0x0] ; RegisterData+1
   37:     RegisterData[0] = 0x51;
 00000044  2151      MOV         R1,#0x51
 00000046  4800      LDR         R0,=RegisterData ; RegisterData
 00000048  7001      STRB        R1,[R0,#0x0] ; RegisterData
   38:     WriteToAD9959ViaSpi(0x04,4,RegisterData);//Output frequency = 10MHz 
 0000004A  4800      LDR         R2,=RegisterData ; RegisterData
 0000004C  2104      MOV         R1,#0x4
 0000004E  1C08      MOV         R0,R1
 00000050  F7FF      BL          WriteToAD9959ViaSpi?T  ; T=0x0001  (1)
 00000052  FFD6      BL          WriteToAD9959ViaSpi?T  ; T=0x0001  (2)
   40:     IO_Update();
 00000054  F7FF      BL          IO_Update?T  ; T=0x0001  (1)
 00000056  FFD4      BL          IO_Update?T  ; T=0x0001  (2)
   42:     ReadFromAD9959ViaSpi(0x80,1,RegisterData);
 00000058  4800      LDR         R2,=RegisterData ; RegisterData
 0000005A  2080      MOV         R0,#0x80
 0000005C  2101      MOV         R1,#0x1
 0000005E  F7FF      BL          ReadFromAD9959ViaSpi?T  ; T=0x0001  (1)
 00000060  FFCF      BL          ReadFromAD9959ViaSpi?T  ; T=0x0001  (2)
   43:     putchar(RegisterData[0]);
 00000062  4800      LDR         R0,=RegisterData ; RegisterData
 00000064  7800      LDRB        R0,[R0,#0x0] ; RegisterData
 00000066  F7FF      BL          putchar?T  ; T=0x0001  (1)
 00000068  FFCB      BL          putchar?T  ; T=0x0001  (2)
   44:     ReadFromAD9959ViaSpi(0x81,3,RegisterData);
 0000006A  4800      LDR         R2,=RegisterData ; RegisterData
 0000006C  2081      MOV         R0,#0x81
 0000006E  2103      MOV         R1,#0x3
 00000070  F7FF      BL          ReadFromAD9959ViaSpi?T  ; T=0x0001  (1)
 00000072  FFC6      BL          ReadFromAD9959ViaSpi?T  ; T=0x0001  (2)
   45:     putchar(RegisterData[2]);
 00000074  4800      LDR         R0,=RegisterData + 0x2 ; RegisterData+2
 00000076  7800      LDRB        R0,[R0,#0x0] ; RegisterData+2
 00000078  F7FF      BL          putchar?T  ; T=0x0001  (1)
 0000007A  FFC2      BL          putchar?T  ; T=0x0001  (2)
   46:     putchar(RegisterData[1]);
 0000007C  4800      LDR         R0,=RegisterData + 0x1 ; RegisterData+1
 0000007E  7800      LDRB        R0,[R0,#0x0] ; RegisterData+1
 00000080  F7FF      BL          putchar?T  ; T=0x0001  (1)
 00000082  FFBE      BL          putchar?T  ; T=0x0001  (2)
   47:     putchar(RegisterData[0]);
 00000084  4800      LDR         R0,=RegisterData ; RegisterData
 00000086  7800      LDRB        R0,[R0,#0x0] ; RegisterData
 00000088  F7FF      BL          putchar?T  ; T=0x0001  (1)
ARM COMPILER V2.53,  main                                                                  26/11/08  17:51:15  PAGE 4   

 0000008A  FFBA      BL          putchar?T  ; T=0x0001  (2)
   49:     {;}
 0000008C          L_6:
 0000008C  E7FE      B           L_6  ; T=0x0000008C
   50: }
 0000008E  BC08      POP         {R3}
 00000090  4718      BX          R3
 00000092          ENDP ; 'main'



Module Information          Static
----------------------------------
  code size            =    ------
  data size            =         4
  const size           =    ------
End of Module Information.


ARM COMPILATION COMPLETE.  0 WARNING(S),  0 ERROR(S)
