ARM COMPILER V2.53,  SPI_Master                                                            26/11/08  17:51:15  PAGE 1   


ARM COMPILER V2.53, COMPILATION OF MODULE SPI_Master
OBJECT MODULE PLACED IN SPI_Master.OBJ
COMPILER INVOKED BY: C:\Keil\ARM\BIN\CA.exe SPI_Master.c THUMB BROWSE DEBUG TABS(4) 

stmt  level    source

    1          /***************************************************************************
    2          
    3           Author        : Neil Zhao - CAST
    4          
    5           Date          : Nov 26th, 2008
    6          
    7           File          : SPI_Master.c
    8          
    9           Hardware      : ADuC7026 and AD9959
   10          
   11           Description   : Use the GPIO to simulate the SPI communication of AD9959
   12          
   13                  
   14          ***************************************************************************/
   15          
   16          #include<ADuC7026.h>    
   17          #include<Common.h>  
   18          
   19          void delay (signed int length)
   20          {
   21   1          while (length >0)
   22   1              length--;
   23   1      }
   24          
   25          //---------------------------------
   26          //WriteToAD9959ViaSpi();
   27          //---------------------------------
   28          //Function that writes to the AD9959 via the SPI port. It sends first the control
   29          //word that includes the start address and then the data to write.
   30          //--------------------------------------------------------------------------------
   31          void WriteToAD9959ViaSpi(unsigned char RegisterAddress, unsigned char NumberofRegisters, unsigned char *R
             -egisterData)
   32          {
   33   1          unsigned    char    ControlValue = 0;
   34   1          unsigned    char    ValueToWrite = 0;
   35   1          signed      char    RegisterIndex = 0;
   36   1          unsigned    char    i = 0;
   37   1      
   38   1          //Create the 8-bit header
   39   1          ControlValue = RegisterAddress;
   40   1      
   41   1          CLR_SCL();
   42   1          delay(1);
   43   1          SET_CS();
   44   1          delay(1);
   45   1          CLR_CS();    //bring CS low
   46   1          delay(1);
   47   1      
   48   1          SDA_OUT();  //Make SDIO an output
   49   1      
   50   1          //Write out the control word
   51   1          for(i=0; i<8; i++)
   52   1          {
   53   2              CLR_SCL();
   54   2              if(0x80 == (ControlValue & 0x80))
   55   2              {
   56   3                  SET_SDIO();   //Send one to SDIO pin
   57   3              }
   58   2              else
ARM COMPILER V2.53,  SPI_Master                                                            26/11/08  17:51:15  PAGE 2   

   59   2              {
   60   3                  CLR_SDIO();   //Send zero to SDIO pin
   61   3              }
   62   2              delay(1);
   63   2              SET_SCL();
   64   2              delay(1);
   65   2              ControlValue <<= 1; //Rotate data
   66   2          }
   67   1          CLR_SCL();
   68   1          delay(2);
   69   1          //And then the data
   70   1          for (RegisterIndex=NumberofRegisters; RegisterIndex>0; RegisterIndex--)
   71   1          {
   72   2              ValueToWrite = *(RegisterData + RegisterIndex - 1);
   73   2              for (i=0; i<8; i++)
   74   2              {
   75   3                  CLR_SCL();
   76   3                  if(0x80 == (ValueToWrite & 0x80))
   77   3                  {
   78   4                      SET_SDIO();   //Send one to SDIO pin
   79   4                  }
   80   3                  else
   81   3                  {
   82   4                      CLR_SDIO();   //Send zero to SDIO pin
   83   4                  }
   84   3                  delay(1);
   85   3                  SET_SCL();
   86   3                  delay(1);
   87   3                  ValueToWrite <<= 1; //Rotate data
   88   3              }
   89   2          }
   90   1          CLR_SCL();
   91   1          delay(1);
   92   1          SET_CS();   //bring CS high again
   93   1      }
   94          
   95          //---------------------------------
   96          //ReadFromAD9959ViaSpi();
   97          //---------------------------------
   98          //Function that reads from the AD9959 via the SPI port. It first send the control word
   99          //that includes the start address and then 32 clocks for each register to read.
  100          //--------------------------------------------------------------------------------
  101          void ReadFromAD9959ViaSpi(unsigned char RegisterAddress, unsigned char NumberofRegisters, unsigned char *
             -RegisterData)
  102          {
  103   1          unsigned    char    ControlValue = 0;
  104   1          signed      char    RegisterIndex = 0;
  105   1          unsigned    char    ReceiveData = 0;
  106   1          unsigned    char    i = 0;
  107   1          unsigned    int     iTemp = 0;
  108   1      
  109   1          //Create the 8-bit header
  110   1          ControlValue = RegisterAddress;
  111   1      
  112   1          SET_SCL();
  113   1          delay(1);   
  114   1          SET_CS();
  115   1          delay(1);
  116   1          CLR_CS();    //bring CS low
  117   1          delay(1);
  118   1      
  119   1          SDA_OUT();  //Make SDIO an output
  120   1      
  121   1          //Write out the control word
  122   1          for(i=0; i<8; i++)
  123   1          {
ARM COMPILER V2.53,  SPI_Master                                                            26/11/08  17:51:15  PAGE 3   

  124   2              CLR_SCL();
  125   2              if(0x80 == (ControlValue & 0x80))
  126   2              {
  127   3                  SET_SDIO();   //Send one to SDIO pin
  128   3              }
  129   2              else
  130   2              {
  131   3                  CLR_SDIO();   //Send zero to SDIO pin
  132   3              }
  133   2              delay(1);
  134   2              SET_SCL();
  135   2              delay(1);
  136   2              ControlValue <<= 1; //Rotate data
  137   2          }
  138   1      
  139   1          SDA_IN();   //Make SDA an input
  140   1      
  141   1          //Read data in
  142   1          for (RegisterIndex=NumberofRegisters; RegisterIndex>0; RegisterIndex--)
  143   1          {
  144   2              for(i=0; i<8; i++)
  145   2              {
  146   3                  CLR_SCL();
  147   3                  ReceiveData <<= 1;      //Rotate data
  148   3                  iTemp = GP1DAT;         //Read SDIO of AD9959
  149   3                  if(0x00000008 == (iTemp & 0x00000008))
  150   3                  {
  151   4                      ReceiveData |= 1;   
  152   4                  }
  153   3                  delay(1);
  154   3                  SET_SCL();
  155   3                  delay(1);
  156   3              }
  157   2              *(RegisterData + RegisterIndex - 1) = ReceiveData;
  158   2          }
  159   1          delay(1);
  160   1          SET_CS();   //bring CS high again
  161   1      } 
ARM COMPILER V2.53,  SPI_Master                                                            26/11/08  17:51:15  PAGE 4   

ASSEMBLY LISTING OF GENERATED OBJECT CODE



*** PUBLICS:
 PUBLIC         delay?T
 PUBLIC         WriteToAD9959ViaSpi?T
 PUBLIC         ReadFromAD9959ViaSpi?T



*** CODE SEGMENT '?PR?delay?T?SPI_Master':
   19: void delay (signed int length)
 00000000  ---- Variable 'length' assigned to Register 'R0' ----
   21:     while (length >0)
 00000000  E000      B           L_1  ; T=0x00000004
 00000002          L_3:
 00000002  3801      SUB         R0,#0x1
 00000004          L_1:
 00000004  1C01      MOV         R1,R0 ; length
 00000006  2900      CMP         R1,#0x0 ; length
 00000008  DCFB      BGT         L_3  ; T=0x00000002
   23: }
 0000000A  4770      BX          R14
 0000000C          ENDP ; 'delay?T'


*** CODE SEGMENT '?PR?WriteToAD9959ViaSpi?T?SPI_Master':
   31: void WriteToAD9959ViaSpi(unsigned char RegisterAddress, unsigned char NumberofRegisters, unsigned char *RegisterD
             -ata)
 00000000  B5F0      PUSH        {R4-R7,LR}
 00000002  ---- Variable 'RegisterData' assigned to Register 'R2' ----
 00000002  1C0E      MOV         R6,R1 ; NumberofRegisters
 00000004  ---- Variable 'NumberofRegisters' assigned to Register 'R6' ----
 00000004  1C07      MOV         R7,R0 ; RegisterAddress
 00000006  ---- Variable 'RegisterAddress' assigned to Register 'R7' ----
 00000006  B081      SUB         R13,#0x4
   32: {
 00000008            ; SCOPE-START
   33:     unsigned    char    ControlValue = 0;
 00000008  2300      MOV         R3,#0x0
 0000000A  A800      ADD         R0,R13,#0x0
 0000000C  7003      STRB        R3,[R0,#0x0] ; ControlValue
   34:     unsigned    char    ValueToWrite = 0;
 0000000E  1C1D      MOV         R5,R3 ; ValueToWrite
 00000010  ---- Variable 'ValueToWrite' assigned to Register 'R5' ----
   35:     signed      char    RegisterIndex = 0;
 00000010  2400      MOV         R4,#0x0
 00000012  ---- Variable 'RegisterIndex' assigned to Register 'R4' ----
   36:     unsigned    char    i = 0;
 00000012  ---- Variable 'i' assigned to Register 'R3' ----
   39:     ControlValue = RegisterAddress;
 00000012  1C39      MOV         R1,R7 ; RegisterAddress
 00000014  A800      ADD         R0,R13,#0x0
 00000016  7001      STRB        R1,[R0,#0x0] ; ControlValue
   41:     CLR_SCL();
 00000018  4800      LDR         R0,=0xFFFFF430
 0000001A  6801      LDR         R1,[R0,#0x0]
 0000001C  4800      LDR         R0,=0x40000
 0000001E  4381      BIC         R1,R0
 00000020  4800      LDR         R0,=0xFFFFF430
 00000022  6001      STR         R1,[R0,#0x0]
   42:     delay(1);
 00000024  2001      MOV         R0,#0x1
 00000026  F7FF      BL          delay?T  ; T=0x0001  (1)
 00000028  FFEB      BL          delay?T  ; T=0x0001  (2)
   43:     SET_CS();
 0000002A  4800      LDR         R0,=0xFFFFF460
 0000002C  6801      LDR         R1,[R0,#0x0]
 0000002E  4800      LDR         R0,=0x20000
 00000030  4301      ORR         R1,R0
ARM COMPILER V2.53,  SPI_Master                                                            26/11/08  17:51:15  PAGE 5   

 00000032  4800      LDR         R0,=0xFFFFF460
 00000034  6001      STR         R1,[R0,#0x0]
   44:     delay(1);
 00000036  2001      MOV         R0,#0x1
 00000038  F7FF      BL          delay?T  ; T=0x0001  (1)
 0000003A  FFE2      BL          delay?T  ; T=0x0001  (2)
   45:     CLR_CS();    //bring CS low
 0000003C  4800      LDR         R0,=0xFFFFF460
 0000003E  6801      LDR         R1,[R0,#0x0]
 00000040  4800      LDR         R0,=0x20000
 00000042  4381      BIC         R1,R0
 00000044  4800      LDR         R0,=0xFFFFF460
 00000046  6001      STR         R1,[R0,#0x0]
   46:     delay(1);
 00000048  2001      MOV         R0,#0x1
 0000004A  F7FF      BL          delay?T  ; T=0x0001  (1)
 0000004C  FFD9      BL          delay?T  ; T=0x0001  (2)
   48:      SDA_OUT(); //Make SDIO an output
 0000004E  4800      LDR         R0,=0xFFFFF430
 00000050  6801      LDR         R1,[R0,#0x0]
 00000052  4800      LDR         R0,=0x8000000
 00000054  4301      ORR         R1,R0
 00000056  4800      LDR         R0,=0xFFFFF430
 00000058  6001      STR         R1,[R0,#0x0]
   51:     for(i=0; i<8; i++)
 0000005A  2300      MOV         R3,#0x0
 0000005C  E02A      B           L_7  ; T=0x000000B4
 0000005E          L_8:
   53:         CLR_SCL();
 0000005E  4800      LDR         R0,=0xFFFFF430
 00000060  6801      LDR         R1,[R0,#0x0]
 00000062  4800      LDR         R0,=0x40000
 00000064  4381      BIC         R1,R0
 00000066  4800      LDR         R0,=0xFFFFF430
 00000068  6001      STR         R1,[R0,#0x0]
   54:         if(0x80 == (ControlValue & 0x80))
 0000006A  A800      ADD         R0,R13,#0x0
 0000006C  7800      LDRB        R0,[R0,#0x0] ; ControlValue
 0000006E  2180      MOV         R1,#0x80
 00000070  4208      TST         R0,R1
 00000072  D006      BEQ         L_10  ; T=0x00000082
   56:             SET_SDIO();   //Send one to SDIO pin
 00000074  4800      LDR         R0,=0xFFFFF430
 00000076  6801      LDR         R1,[R0,#0x0]
 00000078  4800      LDR         R0,=0x80000
 0000007A  4301      ORR         R1,R0
 0000007C  4800      LDR         R0,=0xFFFFF430
 0000007E  6001      STR         R1,[R0,#0x0]
   57:         }
 00000080  E005      B           L_11  ; T=0x0000008E
 00000082          L_10:
   60:             CLR_SDIO();   //Send zero to SDIO pin
 00000082  4800      LDR         R0,=0xFFFFF430
 00000084  6801      LDR         R1,[R0,#0x0]
 00000086  4800      LDR         R0,=0x80000
 00000088  4381      BIC         R1,R0
 0000008A  4800      LDR         R0,=0xFFFFF430
 0000008C  6001      STR         R1,[R0,#0x0]
   61:         }
 0000008E          L_11:
   62:         delay(1);
 0000008E  2001      MOV         R0,#0x1
 00000090  F7FF      BL          delay?T  ; T=0x0001  (1)
 00000092  FFB6      BL          delay?T  ; T=0x0001  (2)
   63:         SET_SCL();
 00000094  4800      LDR         R0,=0xFFFFF430
ARM COMPILER V2.53,  SPI_Master                                                            26/11/08  17:51:15  PAGE 6   

 00000096  6801      LDR         R1,[R0,#0x0]
 00000098  4800      LDR         R0,=0x40000
 0000009A  4301      ORR         R1,R0
 0000009C  4800      LDR         R0,=0xFFFFF430
 0000009E  6001      STR         R1,[R0,#0x0]
   64:         delay(1);
 000000A0  2001      MOV         R0,#0x1
 000000A2  F7FF      BL          delay?T  ; T=0x0001  (1)
 000000A4  FFAD      BL          delay?T  ; T=0x0001  (2)
   65:         ControlValue <<= 1; //Rotate data
 000000A6  A800      ADD         R0,R13,#0x0
 000000A8  7801      LDRB        R1,[R0,#0x0] ; ControlValue
 000000AA  0049      LSL         R1,R1,#0x1
 000000AC  7001      STRB        R1,[R0,#0x0] ; ControlValue
   66:     }
 000000AE  3301      ADD         R3,#0x1
 000000B0  061B      LSL         R3,R3,#0x18
 000000B2  0E1B      LSR         R3,R3,#0x18
 000000B4          L_7:
 000000B4  1C18      MOV         R0,R3 ; i
 000000B6  0600      LSL         R0,R0,#0x18 ; i
 000000B8  0E00      LSR         R0,R0,#0x18
 000000BA  2808      CMP         R0,#0x8
 000000BC  DBCF      BLT         L_8  ; T=0x0000005E
   67:     CLR_SCL();
 000000BE  4800      LDR         R0,=0xFFFFF430
 000000C0  6801      LDR         R1,[R0,#0x0]
 000000C2  4800      LDR         R0,=0x40000
 000000C4  4381      BIC         R1,R0
 000000C6  4800      LDR         R0,=0xFFFFF430
 000000C8  6001      STR         R1,[R0,#0x0]
   68:     delay(2);
 000000CA  2002      MOV         R0,#0x2
 000000CC  F7FF      BL          delay?T  ; T=0x0001  (1)
 000000CE  FF98      BL          delay?T  ; T=0x0001  (2)
   70:     for (RegisterIndex=NumberofRegisters; RegisterIndex>0; RegisterIndex--)
 000000D0  1C34      MOV         R4,R6 ; NumberofRegisters
 000000D2  0624      LSL         R4,R4,#0x18 ; NumberofRegisters
 000000D4  0E24      LSR         R4,R4,#0x18
 000000D6  E03B      B           L_14  ; T=0x00000150
 000000D8          L_15:
   72:         ValueToWrite = *(RegisterData + RegisterIndex - 1);
 000000D8  1C20      MOV         R0,R4 ; RegisterIndex
 000000DA  0601      LSL         R1,R0,#0x18 ; RegisterIndex
 000000DC  1609      ASR         R1,R1,#0x18
 000000DE  1C10      MOV         R0,R2 ; RegisterData
 000000E0  1840      ADD         R0,R1 ; RegisterData
 000000E2  3801      SUB         R0,#0x1
 000000E4  7805      LDRB        R5,[R0,#0x0]
   73:         for (i=0; i<8; i++)
 000000E6  2300      MOV         R3,#0x0
 000000E8  E02A      B           L_19  ; T=0x00000140
 000000EA          L_20:
   75:             CLR_SCL();
 000000EA  4800      LDR         R0,=0xFFFFF430
 000000EC  6801      LDR         R1,[R0,#0x0]
 000000EE  4800      LDR         R0,=0x40000
 000000F0  4381      BIC         R1,R0
 000000F2  4800      LDR         R0,=0xFFFFF430
 000000F4  6001      STR         R1,[R0,#0x0]
   76:             if(0x80 == (ValueToWrite & 0x80))
 000000F6  1C28      MOV         R0,R5 ; ValueToWrite
 000000F8  0600      LSL         R0,R0,#0x18 ; ValueToWrite
 000000FA  0E00      LSR         R0,R0,#0x18
 000000FC  2180      MOV         R1,#0x80
 000000FE  4208      TST         R0,R1
ARM COMPILER V2.53,  SPI_Master                                                            26/11/08  17:51:15  PAGE 7   

 00000100  D006      BEQ         L_22  ; T=0x00000110
   78:                 SET_SDIO();   //Send one to SDIO pin
 00000102  4800      LDR         R0,=0xFFFFF430
 00000104  6801      LDR         R1,[R0,#0x0]
 00000106  4800      LDR         R0,=0x80000
 00000108  4301      ORR         R1,R0
 0000010A  4800      LDR         R0,=0xFFFFF430
 0000010C  6001      STR         R1,[R0,#0x0]
   79:             }
 0000010E  E005      B           L_23  ; T=0x0000011C
 00000110          L_22:
   82:                 CLR_SDIO();   //Send zero to SDIO pin
 00000110  4800      LDR         R0,=0xFFFFF430
 00000112  6801      LDR         R1,[R0,#0x0]
 00000114  4800      LDR         R0,=0x80000
 00000116  4381      BIC         R1,R0
 00000118  4800      LDR         R0,=0xFFFFF430
 0000011A  6001      STR         R1,[R0,#0x0]
   83:             }
 0000011C          L_23:
   84:             delay(1);
 0000011C  2001      MOV         R0,#0x1
 0000011E  F7FF      BL          delay?T  ; T=0x0001  (1)
 00000120  FF6F      BL          delay?T  ; T=0x0001  (2)
   85:             SET_SCL();
 00000122  4800      LDR         R0,=0xFFFFF430
 00000124  6801      LDR         R1,[R0,#0x0]
 00000126  4800      LDR         R0,=0x40000
 00000128  4301      ORR         R1,R0
 0000012A  4800      LDR         R0,=0xFFFFF430
 0000012C  6001      STR         R1,[R0,#0x0]
   86:             delay(1);
 0000012E  2001      MOV         R0,#0x1
 00000130  F7FF      BL          delay?T  ; T=0x0001  (1)
 00000132  FF66      BL          delay?T  ; T=0x0001  (2)
   87:             ValueToWrite <<= 1; //Rotate data
 00000134  006D      LSL         R5,R5,#0x1 ; ValueToWrite
 00000136  062D      LSL         R5,R5,#0x18
 00000138  0E2D      LSR         R5,R5,#0x18
   88:         }
 0000013A  3301      ADD         R3,#0x1
 0000013C  061B      LSL         R3,R3,#0x18
 0000013E  0E1B      LSR         R3,R3,#0x18
 00000140          L_19:
 00000140  1C18      MOV         R0,R3 ; i
 00000142  0600      LSL         R0,R0,#0x18 ; i
 00000144  0E00      LSR         R0,R0,#0x18
 00000146  2808      CMP         R0,#0x8
 00000148  DBCF      BLT         L_20  ; T=0x000000EA
   89:     }
 0000014A  3C01      SUB         R4,#0x1
 0000014C  0624      LSL         R4,R4,#0x18
 0000014E  1624      ASR         R4,R4,#0x18
 00000150          L_14:
 00000150  1C20      MOV         R0,R4 ; RegisterIndex
 00000152  0600      LSL         R0,R0,#0x18 ; RegisterIndex
 00000154  1600      ASR         R0,R0,#0x18
 00000156  2800      CMP         R0,#0x0
 00000158  DCBE      BGT         L_15  ; T=0x000000D8
   90:     CLR_SCL();
 0000015A  4800      LDR         R0,=0xFFFFF430
 0000015C  6801      LDR         R1,[R0,#0x0]
 0000015E  4800      LDR         R0,=0x40000
 00000160  4381      BIC         R1,R0
 00000162  4800      LDR         R0,=0xFFFFF430
 00000164  6001      STR         R1,[R0,#0x0]
ARM COMPILER V2.53,  SPI_Master                                                            26/11/08  17:51:15  PAGE 8   

   91:     delay(1);
 00000166  2001      MOV         R0,#0x1
 00000168  F7FF      BL          delay?T  ; T=0x0001  (1)
 0000016A  FF4A      BL          delay?T  ; T=0x0001  (2)
   92:     SET_CS();   //bring CS high again
 0000016C  4800      LDR         R0,=0xFFFFF460
 0000016E  6801      LDR         R1,[R0,#0x0]
 00000170  4800      LDR         R0,=0x20000
 00000172  4301      ORR         R1,R0
 00000174  4800      LDR         R0,=0xFFFFF460
 00000176  6001      STR         R1,[R0,#0x0]
 00000178            ; SCOPE-END
   93: }
 00000178  B001      ADD         R13,#0x4
 0000017A  BCF0      POP         {R4-R7}
 0000017C  BC08      POP         {R3}
 0000017E  4718      BX          R3
 00000180          ENDP ; 'WriteToAD9959ViaSpi?T'


*** CODE SEGMENT '?PR?ReadFromAD9959ViaSpi?T?SPI_Master':
  101: void ReadFromAD9959ViaSpi(unsigned char RegisterAddress, unsigned char NumberofRegisters, unsigned char *Register
             -Data)
 00000000  B5F0      PUSH        {R4-R7,LR}
 00000002  ---- Variable 'RegisterData' assigned to Register 'R2' ----
 00000002  1C0E      MOV         R6,R1 ; NumberofRegisters
 00000004  ---- Variable 'NumberofRegisters' assigned to Register 'R6' ----
 00000004  1C07      MOV         R7,R0 ; RegisterAddress
 00000006  ---- Variable 'RegisterAddress' assigned to Register 'R7' ----
 00000006  B082      SUB         R13,#0x8
  102: {
 00000008            ; SCOPE-START
  103:     unsigned    char    ControlValue = 0;
 00000008  2300      MOV         R3,#0x0
 0000000A  A800      ADD         R0,R13,#0x0
 0000000C  7003      STRB        R3,[R0,#0x0] ; ControlValue
  104:     signed      char    RegisterIndex = 0;
 0000000E  2500      MOV         R5,#0x0
 00000010  ---- Variable 'RegisterIndex' assigned to Register 'R5' ----
  105:     unsigned    char    ReceiveData = 0;
 00000010  1C1C      MOV         R4,R3 ; ReceiveData
 00000012  ---- Variable 'ReceiveData' assigned to Register 'R4' ----
  106:     unsigned    char    i = 0;
 00000012  ---- Variable 'i' assigned to Register 'R3' ----
  107:     unsigned    int     iTemp = 0;
 00000012  2000      MOV         R0,#0x0
 00000014  9001      STR         R0,[R13,#0x4] ; iTemp
  110:     ControlValue = RegisterAddress;
 00000016  1C39      MOV         R1,R7 ; RegisterAddress
 00000018  A800      ADD         R0,R13,#0x0
 0000001A  7001      STRB        R1,[R0,#0x0] ; ControlValue
  112:     SET_SCL();
 0000001C  4800      LDR         R0,=0xFFFFF430
 0000001E  6801      LDR         R1,[R0,#0x0]
 00000020  4800      LDR         R0,=0x40000
 00000022  4301      ORR         R1,R0
 00000024  4800      LDR         R0,=0xFFFFF430
 00000026  6001      STR         R1,[R0,#0x0]
  113:     delay(1);   
 00000028  2001      MOV         R0,#0x1
 0000002A  F7FF      BL          delay?T  ; T=0x0001  (1)
 0000002C  FFE9      BL          delay?T  ; T=0x0001  (2)
  114:     SET_CS();
 0000002E  4800      LDR         R0,=0xFFFFF460
 00000030  6801      LDR         R1,[R0,#0x0]
 00000032  4800      LDR         R0,=0x20000
 00000034  4301      ORR         R1,R0
 00000036  4800      LDR         R0,=0xFFFFF460
ARM COMPILER V2.53,  SPI_Master                                                            26/11/08  17:51:15  PAGE 9   

 00000038  6001      STR         R1,[R0,#0x0]
  115:     delay(1);
 0000003A  2001      MOV         R0,#0x1
 0000003C  F7FF      BL          delay?T  ; T=0x0001  (1)
 0000003E  FFE0      BL          delay?T  ; T=0x0001  (2)
  116:     CLR_CS();    //bring CS low
 00000040  4800      LDR         R0,=0xFFFFF460
 00000042  6801      LDR         R1,[R0,#0x0]
 00000044  4800      LDR         R0,=0x20000
 00000046  4381      BIC         R1,R0
 00000048  4800      LDR         R0,=0xFFFFF460
 0000004A  6001      STR         R1,[R0,#0x0]
  117:     delay(1);
 0000004C  2001      MOV         R0,#0x1
 0000004E  F7FF      BL          delay?T  ; T=0x0001  (1)
 00000050  FFD7      BL          delay?T  ; T=0x0001  (2)
  119:      SDA_OUT(); //Make SDIO an output
 00000052  4800      LDR         R0,=0xFFFFF430
 00000054  6801      LDR         R1,[R0,#0x0]
 00000056  4800      LDR         R0,=0x8000000
 00000058  4301      ORR         R1,R0
 0000005A  4800      LDR         R0,=0xFFFFF430
 0000005C  6001      STR         R1,[R0,#0x0]
  122:     for(i=0; i<8; i++)
 0000005E  2300      MOV         R3,#0x0
 00000060  E02A      B           L_26  ; T=0x000000B8
 00000062          L_27:
  124:         CLR_SCL();
 00000062  4800      LDR         R0,=0xFFFFF430
 00000064  6801      LDR         R1,[R0,#0x0]
 00000066  4800      LDR         R0,=0x40000
 00000068  4381      BIC         R1,R0
 0000006A  4800      LDR         R0,=0xFFFFF430
 0000006C  6001      STR         R1,[R0,#0x0]
  125:         if(0x80 == (ControlValue & 0x80))
 0000006E  A800      ADD         R0,R13,#0x0
 00000070  7800      LDRB        R0,[R0,#0x0] ; ControlValue
 00000072  2180      MOV         R1,#0x80
 00000074  4208      TST         R0,R1
 00000076  D006      BEQ         L_29  ; T=0x00000086
  127:             SET_SDIO();   //Send one to SDIO pin
 00000078  4800      LDR         R0,=0xFFFFF430
 0000007A  6801      LDR         R1,[R0,#0x0]
 0000007C  4800      LDR         R0,=0x80000
 0000007E  4301      ORR         R1,R0
 00000080  4800      LDR         R0,=0xFFFFF430
 00000082  6001      STR         R1,[R0,#0x0]
  128:         }
 00000084  E005      B           L_30  ; T=0x00000092
 00000086          L_29:
  131:             CLR_SDIO();   //Send zero to SDIO pin
 00000086  4800      LDR         R0,=0xFFFFF430
 00000088  6801      LDR         R1,[R0,#0x0]
 0000008A  4800      LDR         R0,=0x80000
 0000008C  4381      BIC         R1,R0
 0000008E  4800      LDR         R0,=0xFFFFF430
 00000090  6001      STR         R1,[R0,#0x0]
  132:         }
 00000092          L_30:
  133:         delay(1);
 00000092  2001      MOV         R0,#0x1
 00000094  F7FF      BL          delay?T  ; T=0x0001  (1)
 00000096  FFB4      BL          delay?T  ; T=0x0001  (2)
  134:         SET_SCL();
 00000098  4800      LDR         R0,=0xFFFFF430
 0000009A  6801      LDR         R1,[R0,#0x0]
ARM COMPILER V2.53,  SPI_Master                                                            26/11/08  17:51:15  PAGE 10  

 0000009C  4800      LDR         R0,=0x40000
 0000009E  4301      ORR         R1,R0
 000000A0  4800      LDR         R0,=0xFFFFF430
 000000A2  6001      STR         R1,[R0,#0x0]
  135:         delay(1);
 000000A4  2001      MOV         R0,#0x1
 000000A6  F7FF      BL          delay?T  ; T=0x0001  (1)
 000000A8  FFAB      BL          delay?T  ; T=0x0001  (2)
  136:         ControlValue <<= 1; //Rotate data
 000000AA  A800      ADD         R0,R13,#0x0
 000000AC  7801      LDRB        R1,[R0,#0x0] ; ControlValue
 000000AE  0049      LSL         R1,R1,#0x1
 000000B0  7001      STRB        R1,[R0,#0x0] ; ControlValue
  137:     }
 000000B2  3301      ADD         R3,#0x1
 000000B4  061B      LSL         R3,R3,#0x18
 000000B6  0E1B      LSR         R3,R3,#0x18
 000000B8          L_26:
 000000B8  1C18      MOV         R0,R3 ; i
 000000BA  0600      LSL         R0,R0,#0x18 ; i
 000000BC  0E00      LSR         R0,R0,#0x18
 000000BE  2808      CMP         R0,#0x8
 000000C0  DBCF      BLT         L_27  ; T=0x00000062
  139:     SDA_IN();   //Make SDA an input
 000000C2  4800      LDR         R0,=0xFFFFF430
 000000C4  6801      LDR         R1,[R0,#0x0]
 000000C6  4800      LDR         R0,=0x8000000
 000000C8  4381      BIC         R1,R0
 000000CA  4800      LDR         R0,=0xFFFFF430
 000000CC  6001      STR         R1,[R0,#0x0]
  142:     for (RegisterIndex=NumberofRegisters; RegisterIndex>0; RegisterIndex--)
 000000CE  1C35      MOV         R5,R6 ; NumberofRegisters
 000000D0  062D      LSL         R5,R5,#0x18 ; NumberofRegisters
 000000D2  0E2D      LSR         R5,R5,#0x18
 000000D4  E032      B           L_33  ; T=0x0000013C
  144:         for(i=0; i<8; i++)
 000000D6          L_40:
 000000D6  2300      MOV         R3,#0x0
 000000D8  E020      B           L_38  ; T=0x0000011C
 000000DA          L_39:
  146:             CLR_SCL();
 000000DA  4800      LDR         R0,=0xFFFFF430
 000000DC  6801      LDR         R1,[R0,#0x0]
 000000DE  4800      LDR         R0,=0x40000
 000000E0  4381      BIC         R1,R0
 000000E2  4800      LDR         R0,=0xFFFFF430
 000000E4  6001      STR         R1,[R0,#0x0]
  147:             ReceiveData <<= 1;      //Rotate data
 000000E6  0064      LSL         R4,R4,#0x1 ; ReceiveData
 000000E8  0624      LSL         R4,R4,#0x18
 000000EA  0E24      LSR         R4,R4,#0x18
  148:             iTemp = GP1DAT;         //Read SDIO of AD9959
 000000EC  4800      LDR         R0,=0xFFFFF430
 000000EE  6800      LDR         R0,[R0,#0x0]
 000000F0  9001      STR         R0,[R13,#0x4] ; iTemp
  149:             if(0x00000008 == (iTemp & 0x00000008))
 000000F2  9801      LDR         R0,[R13,#0x4] ; iTemp
 000000F4  2108      MOV         R1,#0x8
 000000F6  4208      TST         R0,R1
 000000F8  D001      BEQ         L_41  ; T=0x000000FE
  151:                 ReceiveData |= 1;   
 000000FA  2001      MOV         R0,#0x1
 000000FC  4304      ORR         R4,R0
  152:             }
 000000FE          L_41:
  153:             delay(1);
ARM COMPILER V2.53,  SPI_Master                                                            26/11/08  17:51:15  PAGE 11  

 000000FE  2001      MOV         R0,#0x1
 00000100  F7FF      BL          delay?T  ; T=0x0001  (1)
 00000102  FF7E      BL          delay?T  ; T=0x0001  (2)
  154:             SET_SCL();
 00000104  4800      LDR         R0,=0xFFFFF430
 00000106  6801      LDR         R1,[R0,#0x0]
 00000108  4800      LDR         R0,=0x40000
 0000010A  4301      ORR         R1,R0
 0000010C  4800      LDR         R0,=0xFFFFF430
 0000010E  6001      STR         R1,[R0,#0x0]
  155:             delay(1);
 00000110  2001      MOV         R0,#0x1
 00000112  F7FF      BL          delay?T  ; T=0x0001  (1)
 00000114  FF75      BL          delay?T  ; T=0x0001  (2)
  156:         }
 00000116  3301      ADD         R3,#0x1
 00000118  061B      LSL         R3,R3,#0x18
 0000011A  0E1B      LSR         R3,R3,#0x18
 0000011C          L_38:
 0000011C  1C18      MOV         R0,R3 ; i
 0000011E  0600      LSL         R0,R0,#0x18 ; i
 00000120  0E00      LSR         R0,R0,#0x18
 00000122  2808      CMP         R0,#0x8
 00000124  DBD9      BLT         L_39  ; T=0x000000DA
  157:         *(RegisterData + RegisterIndex - 1) = ReceiveData;
 00000126  1C21      MOV         R1,R4 ; ReceiveData
 00000128  1C28      MOV         R0,R5 ; RegisterIndex
 0000012A  0606      LSL         R6,R0,#0x18 ; RegisterIndex
 0000012C  1636      ASR         R6,R6,#0x18
 0000012E  1C10      MOV         R0,R2 ; RegisterData
 00000130  1980      ADD         R0,R6 ; RegisterData
 00000132  3801      SUB         R0,#0x1
 00000134  7001      STRB        R1,[R0,#0x0]
  158:     }
 00000136  3D01      SUB         R5,#0x1
 00000138  062D      LSL         R5,R5,#0x18
 0000013A  162D      ASR         R5,R5,#0x18
 0000013C          L_33:
 0000013C  1C28      MOV         R0,R5 ; RegisterIndex
 0000013E  0600      LSL         R0,R0,#0x18 ; RegisterIndex
 00000140  1600      ASR         R0,R0,#0x18
 00000142  2800      CMP         R0,#0x0
 00000144  DCC7      BGT         L_40  ; T=0x000000D6
  159:     delay(1);
 00000146  2001      MOV         R0,#0x1
 00000148  F7FF      BL          delay?T  ; T=0x0001  (1)
 0000014A  FF5A      BL          delay?T  ; T=0x0001  (2)
  160:     SET_CS();   //bring CS high again
 0000014C  4800      LDR         R0,=0xFFFFF460
 0000014E  6801      LDR         R1,[R0,#0x0]
 00000150  4800      LDR         R0,=0x20000
 00000152  4301      ORR         R1,R0
 00000154  4800      LDR         R0,=0xFFFFF460
 00000156  6001      STR         R1,[R0,#0x0]
 00000158            ; SCOPE-END
  161: } 
 00000158  B002      ADD         R13,#0x8
 0000015A  BCF0      POP         {R4-R7}
 0000015C  BC08      POP         {R3}
 0000015E  4718      BX          R3
 00000160          ENDP ; 'ReadFromAD9959ViaSpi?T'



Module Information          Static
----------------------------------
  code size            =    ------
  data size            =    ------
ARM COMPILER V2.53,  SPI_Master                                                            26/11/08  17:51:15  PAGE 12  

  const size           =    ------
End of Module Information.


ARM COMPILATION COMPLETE.  0 WARNING(S),  0 ERROR(S)
